// Jest Snapshot v1, https://goo.gl/fbAQLP

exports[`MessageList.test.js has the expected html structure 1`] = `
<ul>
  <li>
    
        Cat
    
  </li>
  <li>
    
        Dog
    
  </li>
  <li>
    
        Parakeet
    
  </li>
</ul>
`;
